// Jest Snapshot v1, https://goo.gl/fbAQLP

exports[`App App should match the snapshot 1`] = `
<v-app-stub
  id="app"
>
  <pa-header-stub />
   
  <pa-drawer-stub />
   
  <v-main-stub
    tag="main"
  >
    <v-container-stub
      fluid="true"
      tag="div"
    />
  </v-main-stub>
   
  <v-footer-stub
    app="true"
    height="auto"
    tag="footer"
  >
    <v-btn-stub
      activeclass=""
      icon="true"
      tag="button"
      type="button"
    >
      <v-icon-stub>
        mdi-theme-light-dark
      </v-icon-stub>
    </v-btn-stub>
  </v-footer-stub>
</v-app-stub>
`;
